#-----------------------------------------------------------
# Vivado v2019.1 (64-bit)
# SW Build 2552052 on Fri May 24 14:47:09 MDT 2019
# IP Build 2548770 on Fri May 24 18:01:18 MDT 2019
# Start of session at: Fri Aug  2 14:14:22 2019
# Process ID: 15928
# Current directory: /home/sanjayr/projects/U250/RTL_KERNEL_STREAMING_MSFT/t4_RTL_KER_immedeate_DONE_AXIL_FIFO_SW_START_STOP_SYS_ILA/test1/rtl_vadd_2clks/src/ip/vivado_prj/project_X/project.runs/bram_sys_axi_gpio_0_0_synth_1
# Command line: vivado -log bram_sys_axi_gpio_0_0.vds -product Vivado -mode batch -messageDb vivado.pb -notrace -source bram_sys_axi_gpio_0_0.tcl
# Log file: /home/sanjayr/projects/U250/RTL_KERNEL_STREAMING_MSFT/t4_RTL_KER_immedeate_DONE_AXIL_FIFO_SW_START_STOP_SYS_ILA/test1/rtl_vadd_2clks/src/ip/vivado_prj/project_X/project.runs/bram_sys_axi_gpio_0_0_synth_1/bram_sys_axi_gpio_0_0.vds
# Journal file: /home/sanjayr/projects/U250/RTL_KERNEL_STREAMING_MSFT/t4_RTL_KER_immedeate_DONE_AXIL_FIFO_SW_START_STOP_SYS_ILA/test1/rtl_vadd_2clks/src/ip/vivado_prj/project_X/project.runs/bram_sys_axi_gpio_0_0_synth_1/vivado.jou
#-----------------------------------------------------------
source bram_sys_axi_gpio_0_0.tcl -notrace
